../Core/Inc/as5600.h:57:21:AS5600_GetAngle	16	static
../Core/Inc/foc.h:67:21:FOC_ElecAngle	24	static
../Core/Src/main.c:117:5:main	40	static
../Core/Src/main.c:197:13:FOC_Task	16	static
../Core/Src/main.c:217:13:Log_Task	216	static
../Core/Src/main.c:247:13:sensor_tick	48	static
../Core/Src/main.c:284:13:stall_update	8	static
../Core/Src/main.c:322:13:commutate	16	static
../Core/Src/main.c:331:6:SystemClock_Config	88	static
../Core/Src/main.c:369:6:HAL_TIM_PeriodElapsedCallback	16	static
../Core/Src/main.c:385:6:HAL_I2C_MemRxCpltCallback	16	static
../Core/Src/main.c:393:6:HAL_GPIO_EXTI_Callback	40	static,ignoring_inline_asm
../Core/Src/main.c:422:6:Error_Handler	4	static,ignoring_inline_asm
